{
	"caller": "--REPLACED--/logger_test.go:129",
	"level": "warning",
	"message": "foo",
	"time": "time"
}
