given key-value pairs must be complete for logging
